Traceback (most recent call last):
  File "H:\HadiSadoghiYazdi\PL\Lib\site-packages\jupyter_cache\executors\utils.py", line 58, in single_nb_execution
    executenb(
    ~~~~~~~~~^
        nb,
        ^^^
    ...<4 lines>...
        **kwargs,
        ^^^^^^^^^
    )
    ^
  File "H:\HadiSadoghiYazdi\PL\Lib\site-packages\nbclient\client.py", line 1314, in execute
    return NotebookClient(nb=nb, resources=resources, km=km, **kwargs).execute()
           ~~~~~~~~~~~~~~~~~~~~~~~~~~~~~~~~~~~~~~~~~~~~~~~~~~~~~~~~~~~~~~~~~~~^^
  File "H:\HadiSadoghiYazdi\PL\Lib\site-packages\jupyter_core\utils\__init__.py", line 165, in wrapped
    return loop.run_until_complete(inner)
           ~~~~~~~~~~~~~~~~~~~~~~~^^^^^^^
  File "C:\Program Files\Python313\Lib\asyncio\base_events.py", line 721, in run_until_complete
    return future.result()
           ~~~~~~~~~~~~~^^
  File "H:\HadiSadoghiYazdi\PL\Lib\site-packages\nbclient\client.py", line 709, in async_execute
    await self.async_execute_cell(
        cell, index, execution_count=self.code_cells_executed + 1
    )
  File "H:\HadiSadoghiYazdi\PL\Lib\site-packages\nbclient\client.py", line 1062, in async_execute_cell
    await self._check_raise_for_error(cell, cell_index, exec_reply)
  File "H:\HadiSadoghiYazdi\PL\Lib\site-packages\nbclient\client.py", line 918, in _check_raise_for_error
    raise CellExecutionError.from_cell_and_msg(cell, exec_reply_content)
nbclient.exceptions.CellExecutionError: An error occurred while executing the following cell:
------------------
import numpy as np
import matplotlib.pyplot as plt
from sklearn.decomposition import PCA
from sklearn.preprocessing import StandardScaler
from skimage import color, data, img_as_float

# Load and preprocess image
image = img_as_float(data.astronaut())  # Load an example image
gray_image = color.rgb2gray(image)  # Convert to grayscale
noisy_image = gray_image + 0.1 * np.random.normal(size=gray_image.shape)  # Add noise

# Flatten the images
image_flat = gray_image.flatten()
noisy_image_flat = noisy_image.flatten()

# Create the data matrix (example with multiple noisy images)
X = np.vstack([noisy_image_flat])  # In a real scenario, stack multiple images

# Standardize the data
scaler = StandardScaler()
X_scaled = scaler.fit_transform(X)

# Perform PCA
pca = PCA(n_components=0.6)  # Keep enough components to explain 95% variance
pca.fit(X_scaled)

# Reconstruct the image
components = pca.components_
mean_image = pca.mean_

# Reconstruct the data
X_reconstructed = pca.inverse_transform(pca.transform(X_scaled))
reconstructed_image = scaler.inverse_transform(X_reconstructed).reshape(gray_image.shape)

# Plot original, noisy, and denoised images
plt.figure(figsize=(15, 5))
plt.subplot(1, 3, 1)
plt.title('Noisy Image')
plt.imshow(noisy_image, cmap='gray')
plt.axis('off')

plt.subplot(1, 3, 2)
plt.title('Denoised Image')
plt.imshow(reconstructed_image, cmap='gray')
plt.axis('off')

plt.subplot(1, 3, 3)
plt.title('Difference')
plt.imshow(np.abs(noisy_image - reconstructed_image), cmap='hot')
plt.axis('off')

plt.show()
------------------


[1;31m---------------------------------------------------------------------------[0m
[1;31mModuleNotFoundError[0m                       Traceback (most recent call last)
Cell [1;32mIn[4], line 5[0m
[0;32m      3[0m [38;5;28;01mfrom[39;00m [38;5;21;01msklearn[39;00m[38;5;21;01m.[39;00m[38;5;21;01mdecomposition[39;00m [38;5;28;01mimport[39;00m PCA
[0;32m      4[0m [38;5;28;01mfrom[39;00m [38;5;21;01msklearn[39;00m[38;5;21;01m.[39;00m[38;5;21;01mpreprocessing[39;00m [38;5;28;01mimport[39;00m StandardScaler
[1;32m----> 5[0m [38;5;28;01mfrom[39;00m [38;5;21;01mskimage[39;00m [38;5;28;01mimport[39;00m color, data, img_as_float
[0;32m      7[0m [38;5;66;03m# Load and preprocess image[39;00m
[0;32m      8[0m image [38;5;241m=[39m img_as_float(data[38;5;241m.[39mastronaut())  [38;5;66;03m# Load an example image[39;00m

[1;31mModuleNotFoundError[0m: No module named 'skimage'

