Traceback (most recent call last):
  File "H:\HadiSadoghiYazdi\MachineLearningNew\Lib\site-packages\jupyter_cache\executors\utils.py", line 58, in single_nb_execution
    executenb(
    ~~~~~~~~~^
        nb,
        ^^^
    ...<4 lines>...
        **kwargs,
        ^^^^^^^^^
    )
    ^
  File "H:\HadiSadoghiYazdi\MachineLearningNew\Lib\site-packages\nbclient\client.py", line 1319, in execute
    return NotebookClient(nb=nb, resources=resources, km=km, **kwargs).execute()
           ~~~~~~~~~~~~~~~~~~~~~~~~~~~~~~~~~~~~~~~~~~~~~~~~~~~~~~~~~~~~~~~~~~~^^
  File "H:\HadiSadoghiYazdi\MachineLearningNew\Lib\site-packages\jupyter_core\utils\__init__.py", line 165, in wrapped
    return loop.run_until_complete(inner)
           ~~~~~~~~~~~~~~~~~~~~~~~^^^^^^^
  File "C:\Users\Hadi\AppData\Local\Programs\Python\Python313\Lib\asyncio\base_events.py", line 719, in run_until_complete
    return future.result()
           ~~~~~~~~~~~~~^^
  File "H:\HadiSadoghiYazdi\MachineLearningNew\Lib\site-packages\nbclient\client.py", line 709, in async_execute
    await self.async_execute_cell(
        cell, index, execution_count=self.code_cells_executed + 1
    )
  File "H:\HadiSadoghiYazdi\MachineLearningNew\Lib\site-packages\nbclient\client.py", line 1062, in async_execute_cell
    await self._check_raise_for_error(cell, cell_index, exec_reply)
  File "H:\HadiSadoghiYazdi\MachineLearningNew\Lib\site-packages\nbclient\client.py", line 918, in _check_raise_for_error
    raise CellExecutionError.from_cell_and_msg(cell, exec_reply_content)
nbclient.exceptions.CellExecutionError: An error occurred while executing the following cell:
------------------
import numpy as np
from sklearn.naive_bayes import GaussianNB
from sklearn.metrics import accuracy_score

# Load the MNIST dataset from a local .npz file
mnist_data = np.load('..//mnist.npz')

# Extract the training and test sets
x_train = mnist_data['x_train']
y_train = mnist_data['y_train']
x_test = mnist_data['x_test']
y_test = mnist_data['y_test']

# Preprocess the data
x_train = x_train.astype('float32') / 255.0
x_test = x_test.astype('float32') / 255.0
x_train = x_train.reshape(-1, 784)
x_test = x_test.reshape(-1, 784)

# The dataset is already for digits 0 through 9, no need to filter
# The following are placeholders to ensure the training and test sets include all digits.

def base_learner(D_t):
    # Extract features and labels from the weighted distribution
    X = np.array([x for x, y, w in D_t])
    y = np.array([y for x, y, w in D_t])
    sample_weights = np.array([w for x, y, w in D_t])
    
    # Train a Naive Bayes classifier
    clf = GaussianNB()
    clf.fit(X, y, sample_weight=sample_weights)
    
    # Return a function that makes predictions using the trained model
    return lambda x: clf.predict([x])[0], clf

def adjust_distribution(D_t, h_t, epsilon_t):
    # Adjust the distribution based on the error rate epsilon_t
    new_D = []
    for x, y, w in D_t:
        if h_t(x) != y:
            w *= np.exp(epsilon_t)
        new_D.append((x, y, w))
    
    # Normalize weights
    total_weight = sum(w for _, _, w in new_D)
    new_D = [(x, y, w/total_weight) for x, y, w in new_D]
    
    return new_D

def combine_outputs(weak_learners, x):
    # Majority voting for the final classifier
    votes = np.zeros(10)  # For 10 classes
    for h in weak_learners:
        prediction = h(x)
        votes[prediction] += 1
    return np.argmax(votes)

def boosting(D, L, T):
    # Initialize distribution with equal weights
    D_t = [(x, y, 1/len(D)) for x, y in D]
    weak_learners = []
    base_learner_accuracies = []

    for t in range(T):
        # Train a weak learner on the current distribution
        h_t, clf = L(D_t)
        weak_learners.append(h_t)
        
        # Evaluate the error of the weak learner
        epsilon_t = sum(w for (x, y, w) in D_t if h_t(x) != y)
        
        # Calculate accuracy of the current weak learner
        predictions = clf.predict(x_train)
        accuracy = accuracy_score(y_train, predictions)
        base_learner_accuracies.append(accuracy)
        print(f"Weak Learner {t + 1} Accuracy: {accuracy:.4f}")

        # Adjust the distribution based on the error
        D_t = adjust_distribution(D_t, h_t, epsilon_t)
    
    # Combine outputs of all weak learners
    return lambda x: combine_outputs(weak_learners, x), base_learner_accuracies

# Prepare the training data for boosting
D_train = [(x, y) for x, y in zip(x_train, y_train)]

# Number of boosting rounds
T = 10

# Train the boosted classifier
H, base_learner_accuracies = boosting(D_train, base_learner, T)

# Evaluate the final model on the test set
y_pred = [H(x) for x in x_test]

# Calculate the accuracy of the final model
final_accuracy = accuracy_score(y_test, y_pred)
print("Final Model Accuracy on the test set:", final_accuracy)

# Compare accuracies
print("Base Learner Accuracies:", base_learner_accuracies)

------------------


[31m---------------------------------------------------------------------------[39m
[31mFileNotFoundError[39m                         Traceback (most recent call last)
[36mCell[39m[36m [39m[32mIn[1][39m[32m, line 6[39m
[32m      3[39m [38;5;28;01mfrom[39;00m[38;5;250m [39m[34;01msklearn[39;00m[34;01m.[39;00m[34;01mmetrics[39;00m[38;5;250m [39m[38;5;28;01mimport[39;00m accuracy_score
[32m      5[39m [38;5;66;03m# Load the MNIST dataset from a local .npz file[39;00m
[32m----> [39m[32m6[39m mnist_data = [43mnp[49m[43m.[49m[43mload[49m[43m([49m[33;43m'[39;49m[33;43m..//mnist.npz[39;49m[33;43m'[39;49m[43m)[49m
[32m      8[39m [38;5;66;03m# Extract the training and test sets[39;00m
[32m      9[39m x_train = mnist_data[[33m'[39m[33mx_train[39m[33m'[39m]

[36mFile [39m[32mH:\HadiSadoghiYazdi\MachineLearningNew\Lib\site-packages\numpy\lib\_npyio_impl.py:451[39m, in [36mload[39m[34m(file, mmap_mode, allow_pickle, fix_imports, encoding, max_header_size)[39m
[32m    449[39m     own_fid = [38;5;28;01mFalse[39;00m
[32m    450[39m [38;5;28;01melse[39;00m:
[32m--> [39m[32m451[39m     fid = stack.enter_context([38;5;28;43mopen[39;49m[43m([49m[43mos[49m[43m.[49m[43mfspath[49m[43m([49m[43mfile[49m[43m)[49m[43m,[49m[43m [49m[33;43m"[39;49m[33;43mrb[39;49m[33;43m"[39;49m[43m)[49m)
[32m    452[39m     own_fid = [38;5;28;01mTrue[39;00m
[32m    454[39m [38;5;66;03m# Code to distinguish from NumPy binary files and pickles.[39;00m

[31mFileNotFoundError[39m: [Errno 2] No such file or directory: '..//mnist.npz'

